  Determining projects to restore...
  All projects are up-to-date for restore.
/Users/akinaslanoglu/Downloads/kcetas_proje-databaseapi 2/Helpers/FakerHelper.cs(151,29): error CS0119: 'FakerHelper.Faz()' verilen bağlamda geçerli olmayan bir yöntem öğesidir [/Users/akinaslanoglu/Downloads/kcetas_proje-databaseapi 2/KcetasAboneApi.csproj]
/Users/akinaslanoglu/Downloads/kcetas_proje-databaseapi 2/Helpers/FakerHelper.cs(151,42): error CS0119: 'FakerHelper.Faz()' verilen bağlamda geçerli olmayan bir yöntem öğesidir [/Users/akinaslanoglu/Downloads/kcetas_proje-databaseapi 2/KcetasAboneApi.csproj]
/Users/akinaslanoglu/Downloads/kcetas_proje-databaseapi 2/Models/IsEmriUpdateDto.cs(7,19): warning CS8618: Null atanamaz özellik 'SahaSonucu', oluşturucudan çıkış yaparken null olmayan bir değer içermelidir. 'Gerekli' değiştiricisini ekleyin veya özellik değerini null atanabilir olarak bildirmeyi göz önünde bulundurun. [/Users/akinaslanoglu/Downloads/kcetas_proje-databaseapi 2/KcetasAboneApi.csproj]
/Users/akinaslanoglu/Downloads/kcetas_proje-databaseapi 2/Controllers/AuthController.cs(41,17): error CS0019: '!=' işleci 'KullaniciDurumu' ve 'string' türündeki işlenenlere uygulanamaz [/Users/akinaslanoglu/Downloads/kcetas_proje-databaseapi 2/KcetasAboneApi.csproj]
/Users/akinaslanoglu/Downloads/kcetas_proje-databaseapi 2/Controllers/AuthController.cs(53,25): warning CS8602: Olası bir null başvurunun başvurma işlemi. [/Users/akinaslanoglu/Downloads/kcetas_proje-databaseapi 2/KcetasAboneApi.csproj]
/Users/akinaslanoglu/Downloads/kcetas_proje-databaseapi 2/Models/FaturaUpdateDto.cs(7,19): warning CS8618: Null atanamaz özellik 'FaturaNo', oluşturucudan çıkış yaparken null olmayan bir değer içermelidir. 'Gerekli' değiştiricisini ekleyin veya özellik değerini null atanabilir olarak bildirmeyi göz önünde bulundurun. [/Users/akinaslanoglu/Downloads/kcetas_proje-databaseapi 2/KcetasAboneApi.csproj]
/Users/akinaslanoglu/Downloads/kcetas_proje-databaseapi 2/Models/FaturaKalemiUpdateDto.cs(6,19): warning CS8618: Null atanamaz özellik 'Aciklama', oluşturucudan çıkış yaparken null olmayan bir değer içermelidir. 'Gerekli' değiştiricisini ekleyin veya özellik değerini null atanabilir olarak bildirmeyi göz önünde bulundurun. [/Users/akinaslanoglu/Downloads/kcetas_proje-databaseapi 2/KcetasAboneApi.csproj]
/Users/akinaslanoglu/Downloads/kcetas_proje-databaseapi 2/Models/FaturaKalemiCreateDto.cs(6,48): error CS0037: Null yapılamayan bir değer türü olduğundan, null değeri 'KalemTipi' türüne dönüştürülemiyor [/Users/akinaslanoglu/Downloads/kcetas_proje-databaseapi 2/KcetasAboneApi.csproj]
/Users/akinaslanoglu/Downloads/kcetas_proje-databaseapi 2/Models/FaturaCreateDto.cs(8,19): warning CS8618: Null atanamaz özellik 'Donem', oluşturucudan çıkış yaparken null olmayan bir değer içermelidir. 'Gerekli' değiştiricisini ekleyin veya özellik değerini null atanabilir olarak bildirmeyi göz önünde bulundurun. [/Users/akinaslanoglu/Downloads/kcetas_proje-databaseapi 2/KcetasAboneApi.csproj]
/Users/akinaslanoglu/Downloads/kcetas_proje-databaseapi 2/Models/EntegrasyonOutboxUpdateDto.cs(6,19): warning CS8618: Null atanamaz özellik 'Durum', oluşturucudan çıkış yaparken null olmayan bir değer içermelidir. 'Gerekli' değiştiricisini ekleyin veya özellik değerini null atanabilir olarak bildirmeyi göz önünde bulundurun. [/Users/akinaslanoglu/Downloads/kcetas_proje-databaseapi 2/KcetasAboneApi.csproj]
/Users/akinaslanoglu/Downloads/kcetas_proje-databaseapi 2/Models/EntegrasyonOutboxUpdateDto.cs(8,19): warning CS8618: Null atanamaz özellik 'HataMesaji', oluşturucudan çıkış yaparken null olmayan bir değer içermelidir. 'Gerekli' değiştiricisini ekleyin veya özellik değerini null atanabilir olarak bildirmeyi göz önünde bulundurun. [/Users/akinaslanoglu/Downloads/kcetas_proje-databaseapi 2/KcetasAboneApi.csproj]
/Users/akinaslanoglu/Downloads/kcetas_proje-databaseapi 2/Controllers/AuthController.cs(60,23): warning CS8618: Null atanamaz özellik 'KullaniciAdi', oluşturucudan çıkış yaparken null olmayan bir değer içermelidir. 'Gerekli' değiştiricisini ekleyin veya özellik değerini null atanabilir olarak bildirmeyi göz önünde bulundurun. [/Users/akinaslanoglu/Downloads/kcetas_proje-databaseapi 2/KcetasAboneApi.csproj]
/Users/akinaslanoglu/Downloads/kcetas_proje-databaseapi 2/Controllers/AuthController.cs(61,23): warning CS8618: Null atanamaz özellik 'Sifre', oluşturucudan çıkış yaparken null olmayan bir değer içermelidir. 'Gerekli' değiştiricisini ekleyin veya özellik değerini null atanabilir olarak bildirmeyi göz önünde bulundurun. [/Users/akinaslanoglu/Downloads/kcetas_proje-databaseapi 2/KcetasAboneApi.csproj]
/Users/akinaslanoglu/Downloads/kcetas_proje-databaseapi 2/Services/TuketimNoktasıSeeder.cs(65,34): error CS0029: 'string' türü örtülü olarak 'KcetasAboneApi.Models.BaglantiDurumu' türüne dönüştürülemez [/Users/akinaslanoglu/Downloads/kcetas_proje-databaseapi 2/KcetasAboneApi.csproj]
/Users/akinaslanoglu/Downloads/kcetas_proje-databaseapi 2/Models/Bildirim.cs(19,23): warning CS8618: Null atanamaz özellik 'Baslik', oluşturucudan çıkış yaparken null olmayan bir değer içermelidir. 'Gerekli' değiştiricisini ekleyin veya özellik değerini null atanabilir olarak bildirmeyi göz önünde bulundurun. [/Users/akinaslanoglu/Downloads/kcetas_proje-databaseapi 2/KcetasAboneApi.csproj]
/Users/akinaslanoglu/Downloads/kcetas_proje-databaseapi 2/Models/Bildirim.cs(23,23): warning CS8618: Null atanamaz özellik 'Icerik', oluşturucudan çıkış yaparken null olmayan bir değer içermelidir. 'Gerekli' değiştiricisini ekleyin veya özellik değerini null atanabilir olarak bildirmeyi göz önünde bulundurun. [/Users/akinaslanoglu/Downloads/kcetas_proje-databaseapi 2/KcetasAboneApi.csproj]
/Users/akinaslanoglu/Downloads/kcetas_proje-databaseapi 2/Controllers/TuketimNoktasıController.cs(123,51): error CS1503: 1 bağımsız değişkeni: 'KcetasAboneApi.Models.BaglantiDurumu' öğesinden 'string?' öğesine dönüştürülemiyor [/Users/akinaslanoglu/Downloads/kcetas_proje-databaseapi 2/KcetasAboneApi.csproj]
/Users/akinaslanoglu/Downloads/kcetas_proje-databaseapi 2/Services/SozlesmeSeeder.cs(82,32): error CS0029: 'KcetasAboneApi.Models.AboneTipi' türü örtülü olarak 'string' türüne dönüştürülemez [/Users/akinaslanoglu/Downloads/kcetas_proje-databaseapi 2/KcetasAboneApi.csproj]
/Users/akinaslanoglu/Downloads/kcetas_proje-databaseapi 2/Controllers/EntegrasyonOutboxController.cs(77,25): error CS0266: 'KcetasAboneApi.Models.IsEmriDurumu' türü örtülü olarak 'KcetasAboneApi.Models.OutboxDurumu' türüne dönüştürülemez. Açık bir dönüştürme var (eksik atamanız mı var?) [/Users/akinaslanoglu/Downloads/kcetas_proje-databaseapi 2/KcetasAboneApi.csproj]
/Users/akinaslanoglu/Downloads/kcetas_proje-databaseapi 2/Models/AppDbContext.cs(56,42): error CS0029: 'string' türü örtülü olarak 'KcetasAboneApi.Models.IslemTipi' türüne dönüştürülemez [/Users/akinaslanoglu/Downloads/kcetas_proje-databaseapi 2/KcetasAboneApi.csproj]
/Users/akinaslanoglu/Downloads/kcetas_proje-databaseapi 2/Models/AppDbContext.cs(57,45): error CS0029: 'string' türü örtülü olarak 'KcetasAboneApi.Models.IslemTipi' türüne dönüştürülemez [/Users/akinaslanoglu/Downloads/kcetas_proje-databaseapi 2/KcetasAboneApi.csproj]
/Users/akinaslanoglu/Downloads/kcetas_proje-databaseapi 2/Models/AppDbContext.cs(58,44): error CS0029: 'string' türü örtülü olarak 'KcetasAboneApi.Models.IslemTipi' türüne dönüştürülemez [/Users/akinaslanoglu/Downloads/kcetas_proje-databaseapi 2/KcetasAboneApi.csproj]
/Users/akinaslanoglu/Downloads/kcetas_proje-databaseapi 2/Models/AppDbContext.cs(59,26): error CS0029: 'string' türü örtülü olarak 'KcetasAboneApi.Models.IslemTipi' türüne dönüştürülemez [/Users/akinaslanoglu/Downloads/kcetas_proje-databaseapi 2/KcetasAboneApi.csproj]
/Users/akinaslanoglu/Downloads/kcetas_proje-databaseapi 2/Controllers/EndeksOkumaController.cs(37,35): warning CS8602: Olası bir null başvurunun başvurma işlemi. [/Users/akinaslanoglu/Downloads/kcetas_proje-databaseapi 2/KcetasAboneApi.csproj]
/Users/akinaslanoglu/Downloads/kcetas_proje-databaseapi 2/Services/JwtService.cs(21,79): warning CS8604: 'byte[] Encoding.GetBytes(string s)' içindeki 's' parametresi için olası null başvuru bağımsız değişkeni. [/Users/akinaslanoglu/Downloads/kcetas_proje-databaseapi 2/KcetasAboneApi.csproj]
/Users/akinaslanoglu/Downloads/kcetas_proje-databaseapi 2/Controllers/EndeksOkumaController.cs(90,25): error CS0266: 'KcetasAboneApi.Models.OkumaTipi?' türü örtülü olarak 'KcetasAboneApi.Models.OkumaTipi' türüne dönüştürülemez. Açık bir dönüştürme var (eksik atamanız mı var?) [/Users/akinaslanoglu/Downloads/kcetas_proje-databaseapi 2/KcetasAboneApi.csproj]
/Users/akinaslanoglu/Downloads/kcetas_proje-databaseapi 2/Controllers/EndeksOkumaController.cs(91,28): error CS0266: 'KcetasAboneApi.Models.OkumaKaynagi?' türü örtülü olarak 'KcetasAboneApi.Models.OkumaKaynagi' türüne dönüştürülemez. Açık bir dönüştürme var (eksik atamanız mı var?) [/Users/akinaslanoglu/Downloads/kcetas_proje-databaseapi 2/KcetasAboneApi.csproj]
/Users/akinaslanoglu/Downloads/kcetas_proje-databaseapi 2/Controllers/EndeksOkumaController.cs(115,53): error CS1503: 1 bağımsız değişkeni: 'KcetasAboneApi.Models.OkumaTipi' öğesinden 'System.ReadOnlySpan<char>' öğesine dönüştürülemiyor [/Users/akinaslanoglu/Downloads/kcetas_proje-databaseapi 2/KcetasAboneApi.csproj]
/Users/akinaslanoglu/Downloads/kcetas_proje-databaseapi 2/Controllers/EndeksOkumaController.cs(127,21): error CS0029: 'KcetasAboneApi.Models.BaglantiDurumu' türü örtülü olarak 'string' türüne dönüştürülemez [/Users/akinaslanoglu/Downloads/kcetas_proje-databaseapi 2/KcetasAboneApi.csproj]
/Users/akinaslanoglu/Downloads/kcetas_proje-databaseapi 2/Services/OutboxWorkerService.cs(47,61): warning CS8604: 'StringContent.StringContent(string content, Encoding? encoding, string? mediaType)' içindeki 'content' parametresi için olası null başvuru bağımsız değişkeni. [/Users/akinaslanoglu/Downloads/kcetas_proje-databaseapi 2/KcetasAboneApi.csproj]
/Users/akinaslanoglu/Downloads/kcetas_proje-databaseapi 2/Services/SayacAvcisiWorkerService.cs(74,56): warning CS8629: Boş değer atanabilir değer türü null olabilir. [/Users/akinaslanoglu/Downloads/kcetas_proje-databaseapi 2/KcetasAboneApi.csproj]
/Users/akinaslanoglu/Downloads/kcetas_proje-databaseapi 2/Services/FaturaSeeder.cs(162,37): error CS0029: 'string' türü örtülü olarak 'KcetasAboneApi.Models.KalemTipi' türüne dönüştürülemez [/Users/akinaslanoglu/Downloads/kcetas_proje-databaseapi 2/KcetasAboneApi.csproj]
/Users/akinaslanoglu/Downloads/kcetas_proje-databaseapi 2/Services/FaturaSeeder.cs(235,33): error CS0029: 'string' türü örtülü olarak 'KcetasAboneApi.Models.KalemTipi' türüne dönüştürülemez [/Users/akinaslanoglu/Downloads/kcetas_proje-databaseapi 2/KcetasAboneApi.csproj]
/Users/akinaslanoglu/Downloads/kcetas_proje-databaseapi 2/Services/IsEmriSeeder.cs(164,25): error CS0019: '==' işleci 'IsEmriTipi' ve 'string' türündeki işlenenlere uygulanamaz [/Users/akinaslanoglu/Downloads/kcetas_proje-databaseapi 2/KcetasAboneApi.csproj]
/Users/akinaslanoglu/Downloads/kcetas_proje-databaseapi 2/Services/IsEmriSeeder.cs(236,22): error CS0029: 'string' türü örtülü olarak 'KcetasAboneApi.Models.IsEmriTipi' türüne dönüştürülemez [/Users/akinaslanoglu/Downloads/kcetas_proje-databaseapi 2/KcetasAboneApi.csproj]
/Users/akinaslanoglu/Downloads/kcetas_proje-databaseapi 2/Services/IsEmriSeeder.cs(267,22): error CS0029: 'string' türü örtülü olarak 'KcetasAboneApi.Models.IsEmriTipi' türüne dönüştürülemez [/Users/akinaslanoglu/Downloads/kcetas_proje-databaseapi 2/KcetasAboneApi.csproj]
/Users/akinaslanoglu/Downloads/kcetas_proje-databaseapi 2/Services/IsEmriSeeder.cs(363,22): error CS0029: 'string' türü örtülü olarak 'KcetasAboneApi.Models.IsEmriTipi' türüne dönüştürülemez [/Users/akinaslanoglu/Downloads/kcetas_proje-databaseapi 2/KcetasAboneApi.csproj]
/Users/akinaslanoglu/Downloads/kcetas_proje-databaseapi 2/Controllers/IsEmirleriController.cs(20,12): warning CS8618: Null atanamaz alan '_hubContext', oluşturucudan çıkış yaparken null olmayan bir değer içermelidir. 'Gerekli' değiştiricisini ekleyin veya alan değerini null atanabilir olarak bildirmeyi göz önünde bulundurun. [/Users/akinaslanoglu/Downloads/kcetas_proje-databaseapi 2/KcetasAboneApi.csproj]
/Users/akinaslanoglu/Downloads/kcetas_proje-databaseapi 2/Controllers/FaturaController.cs(110,29): warning CS8601: Olası null başvuru ataması. [/Users/akinaslanoglu/Downloads/kcetas_proje-databaseapi 2/KcetasAboneApi.csproj]
/Users/akinaslanoglu/Downloads/kcetas_proje-databaseapi 2/Controllers/FaturaController.cs(251,55): error CS1503: 1 bağımsız değişkeni: 'KcetasAboneApi.Models.FaturaTipi' öğesinden 'string?' öğesine dönüştürülemiyor [/Users/akinaslanoglu/Downloads/kcetas_proje-databaseapi 2/KcetasAboneApi.csproj]
/Users/akinaslanoglu/Downloads/kcetas_proje-databaseapi 2/Controllers/FaturaController.cs(207,43): warning CS8602: Olası bir null başvurunun başvurma işlemi. [/Users/akinaslanoglu/Downloads/kcetas_proje-databaseapi 2/KcetasAboneApi.csproj]
/Users/akinaslanoglu/Downloads/kcetas_proje-databaseapi 2/Controllers/FaturaController.cs(339,60): error CS1503: 1 bağımsız değişkeni: 'KcetasAboneApi.Models.FaturaDurumu' öğesinden 'System.ReadOnlySpan<char>' öğesine dönüştürülemiyor [/Users/akinaslanoglu/Downloads/kcetas_proje-databaseapi 2/KcetasAboneApi.csproj]
/Users/akinaslanoglu/Downloads/kcetas_proje-databaseapi 2/Controllers/FaturaController.cs(353,31): error CS0029: 'KcetasAboneApi.Models.IsEmriDurumu' türü örtülü olarak 'string' türüne dönüştürülemez [/Users/akinaslanoglu/Downloads/kcetas_proje-databaseapi 2/KcetasAboneApi.csproj]
/Users/akinaslanoglu/Downloads/kcetas_proje-databaseapi 2/Controllers/FaturaController.cs(397,29): error CS0029: 'KcetasAboneApi.Models.BaglantiDurumu' türü örtülü olarak 'string' türüne dönüştürülemez [/Users/akinaslanoglu/Downloads/kcetas_proje-databaseapi 2/KcetasAboneApi.csproj]
/Users/akinaslanoglu/Downloads/kcetas_proje-databaseapi 2/Controllers/SayaclarController.cs(132,56): error CS1503: 1 bağımsız değişkeni: 'KcetasAboneApi.Models.SayacDurumu' öğesinden 'System.ReadOnlySpan<char>' öğesine dönüştürülemiyor [/Users/akinaslanoglu/Downloads/kcetas_proje-databaseapi 2/KcetasAboneApi.csproj]
/Users/akinaslanoglu/Downloads/kcetas_proje-databaseapi 2/Controllers/SozlesmelerController.cs(148,56): error CS1503: 1 bağımsız değişkeni: 'KcetasAboneApi.Models.SozlesmeDurumu' öğesinden 'System.ReadOnlySpan<char>' öğesine dönüştürülemiyor [/Users/akinaslanoglu/Downloads/kcetas_proje-databaseapi 2/KcetasAboneApi.csproj]
/Users/akinaslanoglu/Downloads/kcetas_proje-databaseapi 2/Controllers/FaturaController.cs(475,60): error CS0029: 'string' türü örtülü olarak 'KcetasAboneApi.Models.KalemTipi' türüne dönüştürülemez [/Users/akinaslanoglu/Downloads/kcetas_proje-databaseapi 2/KcetasAboneApi.csproj]
/Users/akinaslanoglu/Downloads/kcetas_proje-databaseapi 2/Controllers/FaturaController.cs(413,64): warning CS8602: Olası bir null başvurunun başvurma işlemi. [/Users/akinaslanoglu/Downloads/kcetas_proje-databaseapi 2/KcetasAboneApi.csproj]
/Users/akinaslanoglu/Downloads/kcetas_proje-databaseapi 2/Controllers/FaturaController.cs(414,64): warning CS8602: Olası bir null başvurunun başvurma işlemi. [/Users/akinaslanoglu/Downloads/kcetas_proje-databaseapi 2/KcetasAboneApi.csproj]
/Users/akinaslanoglu/Downloads/kcetas_proje-databaseapi 2/Controllers/FaturaController.cs(435,34): warning CS8602: Olası bir null başvurunun başvurma işlemi. [/Users/akinaslanoglu/Downloads/kcetas_proje-databaseapi 2/KcetasAboneApi.csproj]
/Users/akinaslanoglu/Downloads/kcetas_proje-databaseapi 2/Controllers/FaturaController.cs(437,63): warning CS8602: Olası bir null başvurunun başvurma işlemi. [/Users/akinaslanoglu/Downloads/kcetas_proje-databaseapi 2/KcetasAboneApi.csproj]
/Users/akinaslanoglu/Downloads/kcetas_proje-databaseapi 2/Controllers/FaturaController.cs(448,38): warning CS8629: Boş değer atanabilir değer türü null olabilir. [/Users/akinaslanoglu/Downloads/kcetas_proje-databaseapi 2/KcetasAboneApi.csproj]
/Users/akinaslanoglu/Downloads/kcetas_proje-databaseapi 2/Controllers/FaturaController.cs(451,33): warning CS8601: Olası null başvuru ataması. [/Users/akinaslanoglu/Downloads/kcetas_proje-databaseapi 2/KcetasAboneApi.csproj]
/Users/akinaslanoglu/Downloads/kcetas_proje-databaseapi 2/Controllers/IsEmirleriController.cs(394,33): error CS0029: 'KcetasAboneApi.Models.IsEmriTipi' türü örtülü olarak 'string' türüne dönüştürülemez [/Users/akinaslanoglu/Downloads/kcetas_proje-databaseapi 2/KcetasAboneApi.csproj]
/Users/akinaslanoglu/Downloads/kcetas_proje-databaseapi 2/Controllers/IsEmirleriController.cs(401,23): error CS0029: 'string' türü örtülü olarak 'KcetasAboneApi.Models.IsEmriTipi' türüne dönüştürülemez [/Users/akinaslanoglu/Downloads/kcetas_proje-databaseapi 2/KcetasAboneApi.csproj]
/Users/akinaslanoglu/Downloads/kcetas_proje-databaseapi 2/Controllers/IsEmirleriController.cs(403,28): error CS0019: '==' işleci 'string' ve 'IsEmriTipi' türündeki işlenenlere uygulanamaz [/Users/akinaslanoglu/Downloads/kcetas_proje-databaseapi 2/KcetasAboneApi.csproj]
/Users/akinaslanoglu/Downloads/kcetas_proje-databaseapi 2/Controllers/IsEmirleriController.cs(403,68): error CS0019: '==' işleci 'string' ve 'IsEmriTipi' türündeki işlenenlere uygulanamaz [/Users/akinaslanoglu/Downloads/kcetas_proje-databaseapi 2/KcetasAboneApi.csproj]
/Users/akinaslanoglu/Downloads/kcetas_proje-databaseapi 2/Controllers/IsEmirleriController.cs(399,36): warning CS8629: Boş değer atanabilir değer türü null olabilir. [/Users/akinaslanoglu/Downloads/kcetas_proje-databaseapi 2/KcetasAboneApi.csproj]
/Users/akinaslanoglu/Downloads/kcetas_proje-databaseapi 2/Controllers/KullanicilarController.cs(91,33): error CS0266: 'KcetasAboneApi.Models.BaglantiDurumu' türü örtülü olarak 'KcetasAboneApi.Models.KullaniciDurumu' türüne dönüştürülemez. Açık bir dönüştürme var (eksik atamanız mı var?) [/Users/akinaslanoglu/Downloads/kcetas_proje-databaseapi 2/KcetasAboneApi.csproj]
/Users/akinaslanoglu/Downloads/kcetas_proje-databaseapi 2/Controllers/IsEmirleriController.cs(560,29): error CS0029: 'string' türü örtülü olarak 'KcetasAboneApi.Models.OkumaTipi' türüne dönüştürülemez [/Users/akinaslanoglu/Downloads/kcetas_proje-databaseapi 2/KcetasAboneApi.csproj]
/Users/akinaslanoglu/Downloads/kcetas_proje-databaseapi 2/Controllers/IsEmirleriController.cs(561,32): error CS0029: 'string' türü örtülü olarak 'KcetasAboneApi.Models.OkumaKaynagi' türüne dönüştürülemez [/Users/akinaslanoglu/Downloads/kcetas_proje-databaseapi 2/KcetasAboneApi.csproj]
/Users/akinaslanoglu/Downloads/kcetas_proje-databaseapi 2/Controllers/IsEmirleriController.cs(18,47): warning CS0649: 'IsEmirleriController._hubContext' alanı hiçbir zaman atanmaz ve her zaman varsayılan null değerine sahip olur [/Users/akinaslanoglu/Downloads/kcetas_proje-databaseapi 2/KcetasAboneApi.csproj]

Build FAILED.

/Users/akinaslanoglu/Downloads/kcetas_proje-databaseapi 2/Models/IsEmriUpdateDto.cs(7,19): warning CS8618: Null atanamaz özellik 'SahaSonucu', oluşturucudan çıkış yaparken null olmayan bir değer içermelidir. 'Gerekli' değiştiricisini ekleyin veya özellik değerini null atanabilir olarak bildirmeyi göz önünde bulundurun. [/Users/akinaslanoglu/Downloads/kcetas_proje-databaseapi 2/KcetasAboneApi.csproj]
/Users/akinaslanoglu/Downloads/kcetas_proje-databaseapi 2/Controllers/AuthController.cs(53,25): warning CS8602: Olası bir null başvurunun başvurma işlemi. [/Users/akinaslanoglu/Downloads/kcetas_proje-databaseapi 2/KcetasAboneApi.csproj]
/Users/akinaslanoglu/Downloads/kcetas_proje-databaseapi 2/Models/FaturaUpdateDto.cs(7,19): warning CS8618: Null atanamaz özellik 'FaturaNo', oluşturucudan çıkış yaparken null olmayan bir değer içermelidir. 'Gerekli' değiştiricisini ekleyin veya özellik değerini null atanabilir olarak bildirmeyi göz önünde bulundurun. [/Users/akinaslanoglu/Downloads/kcetas_proje-databaseapi 2/KcetasAboneApi.csproj]
/Users/akinaslanoglu/Downloads/kcetas_proje-databaseapi 2/Models/FaturaKalemiUpdateDto.cs(6,19): warning CS8618: Null atanamaz özellik 'Aciklama', oluşturucudan çıkış yaparken null olmayan bir değer içermelidir. 'Gerekli' değiştiricisini ekleyin veya özellik değerini null atanabilir olarak bildirmeyi göz önünde bulundurun. [/Users/akinaslanoglu/Downloads/kcetas_proje-databaseapi 2/KcetasAboneApi.csproj]
/Users/akinaslanoglu/Downloads/kcetas_proje-databaseapi 2/Models/FaturaCreateDto.cs(8,19): warning CS8618: Null atanamaz özellik 'Donem', oluşturucudan çıkış yaparken null olmayan bir değer içermelidir. 'Gerekli' değiştiricisini ekleyin veya özellik değerini null atanabilir olarak bildirmeyi göz önünde bulundurun. [/Users/akinaslanoglu/Downloads/kcetas_proje-databaseapi 2/KcetasAboneApi.csproj]
/Users/akinaslanoglu/Downloads/kcetas_proje-databaseapi 2/Models/EntegrasyonOutboxUpdateDto.cs(6,19): warning CS8618: Null atanamaz özellik 'Durum', oluşturucudan çıkış yaparken null olmayan bir değer içermelidir. 'Gerekli' değiştiricisini ekleyin veya özellik değerini null atanabilir olarak bildirmeyi göz önünde bulundurun. [/Users/akinaslanoglu/Downloads/kcetas_proje-databaseapi 2/KcetasAboneApi.csproj]
/Users/akinaslanoglu/Downloads/kcetas_proje-databaseapi 2/Models/EntegrasyonOutboxUpdateDto.cs(8,19): warning CS8618: Null atanamaz özellik 'HataMesaji', oluşturucudan çıkış yaparken null olmayan bir değer içermelidir. 'Gerekli' değiştiricisini ekleyin veya özellik değerini null atanabilir olarak bildirmeyi göz önünde bulundurun. [/Users/akinaslanoglu/Downloads/kcetas_proje-databaseapi 2/KcetasAboneApi.csproj]
/Users/akinaslanoglu/Downloads/kcetas_proje-databaseapi 2/Controllers/AuthController.cs(60,23): warning CS8618: Null atanamaz özellik 'KullaniciAdi', oluşturucudan çıkış yaparken null olmayan bir değer içermelidir. 'Gerekli' değiştiricisini ekleyin veya özellik değerini null atanabilir olarak bildirmeyi göz önünde bulundurun. [/Users/akinaslanoglu/Downloads/kcetas_proje-databaseapi 2/KcetasAboneApi.csproj]
/Users/akinaslanoglu/Downloads/kcetas_proje-databaseapi 2/Controllers/AuthController.cs(61,23): warning CS8618: Null atanamaz özellik 'Sifre', oluşturucudan çıkış yaparken null olmayan bir değer içermelidir. 'Gerekli' değiştiricisini ekleyin veya özellik değerini null atanabilir olarak bildirmeyi göz önünde bulundurun. [/Users/akinaslanoglu/Downloads/kcetas_proje-databaseapi 2/KcetasAboneApi.csproj]
/Users/akinaslanoglu/Downloads/kcetas_proje-databaseapi 2/Models/Bildirim.cs(19,23): warning CS8618: Null atanamaz özellik 'Baslik', oluşturucudan çıkış yaparken null olmayan bir değer içermelidir. 'Gerekli' değiştiricisini ekleyin veya özellik değerini null atanabilir olarak bildirmeyi göz önünde bulundurun. [/Users/akinaslanoglu/Downloads/kcetas_proje-databaseapi 2/KcetasAboneApi.csproj]
/Users/akinaslanoglu/Downloads/kcetas_proje-databaseapi 2/Models/Bildirim.cs(23,23): warning CS8618: Null atanamaz özellik 'Icerik', oluşturucudan çıkış yaparken null olmayan bir değer içermelidir. 'Gerekli' değiştiricisini ekleyin veya özellik değerini null atanabilir olarak bildirmeyi göz önünde bulundurun. [/Users/akinaslanoglu/Downloads/kcetas_proje-databaseapi 2/KcetasAboneApi.csproj]
/Users/akinaslanoglu/Downloads/kcetas_proje-databaseapi 2/Controllers/EndeksOkumaController.cs(37,35): warning CS8602: Olası bir null başvurunun başvurma işlemi. [/Users/akinaslanoglu/Downloads/kcetas_proje-databaseapi 2/KcetasAboneApi.csproj]
/Users/akinaslanoglu/Downloads/kcetas_proje-databaseapi 2/Services/JwtService.cs(21,79): warning CS8604: 'byte[] Encoding.GetBytes(string s)' içindeki 's' parametresi için olası null başvuru bağımsız değişkeni. [/Users/akinaslanoglu/Downloads/kcetas_proje-databaseapi 2/KcetasAboneApi.csproj]
/Users/akinaslanoglu/Downloads/kcetas_proje-databaseapi 2/Services/OutboxWorkerService.cs(47,61): warning CS8604: 'StringContent.StringContent(string content, Encoding? encoding, string? mediaType)' içindeki 'content' parametresi için olası null başvuru bağımsız değişkeni. [/Users/akinaslanoglu/Downloads/kcetas_proje-databaseapi 2/KcetasAboneApi.csproj]
/Users/akinaslanoglu/Downloads/kcetas_proje-databaseapi 2/Services/SayacAvcisiWorkerService.cs(74,56): warning CS8629: Boş değer atanabilir değer türü null olabilir. [/Users/akinaslanoglu/Downloads/kcetas_proje-databaseapi 2/KcetasAboneApi.csproj]
/Users/akinaslanoglu/Downloads/kcetas_proje-databaseapi 2/Controllers/IsEmirleriController.cs(20,12): warning CS8618: Null atanamaz alan '_hubContext', oluşturucudan çıkış yaparken null olmayan bir değer içermelidir. 'Gerekli' değiştiricisini ekleyin veya alan değerini null atanabilir olarak bildirmeyi göz önünde bulundurun. [/Users/akinaslanoglu/Downloads/kcetas_proje-databaseapi 2/KcetasAboneApi.csproj]
/Users/akinaslanoglu/Downloads/kcetas_proje-databaseapi 2/Controllers/FaturaController.cs(110,29): warning CS8601: Olası null başvuru ataması. [/Users/akinaslanoglu/Downloads/kcetas_proje-databaseapi 2/KcetasAboneApi.csproj]
/Users/akinaslanoglu/Downloads/kcetas_proje-databaseapi 2/Controllers/FaturaController.cs(207,43): warning CS8602: Olası bir null başvurunun başvurma işlemi. [/Users/akinaslanoglu/Downloads/kcetas_proje-databaseapi 2/KcetasAboneApi.csproj]
/Users/akinaslanoglu/Downloads/kcetas_proje-databaseapi 2/Controllers/FaturaController.cs(413,64): warning CS8602: Olası bir null başvurunun başvurma işlemi. [/Users/akinaslanoglu/Downloads/kcetas_proje-databaseapi 2/KcetasAboneApi.csproj]
/Users/akinaslanoglu/Downloads/kcetas_proje-databaseapi 2/Controllers/FaturaController.cs(414,64): warning CS8602: Olası bir null başvurunun başvurma işlemi. [/Users/akinaslanoglu/Downloads/kcetas_proje-databaseapi 2/KcetasAboneApi.csproj]
/Users/akinaslanoglu/Downloads/kcetas_proje-databaseapi 2/Controllers/FaturaController.cs(435,34): warning CS8602: Olası bir null başvurunun başvurma işlemi. [/Users/akinaslanoglu/Downloads/kcetas_proje-databaseapi 2/KcetasAboneApi.csproj]
/Users/akinaslanoglu/Downloads/kcetas_proje-databaseapi 2/Controllers/FaturaController.cs(437,63): warning CS8602: Olası bir null başvurunun başvurma işlemi. [/Users/akinaslanoglu/Downloads/kcetas_proje-databaseapi 2/KcetasAboneApi.csproj]
/Users/akinaslanoglu/Downloads/kcetas_proje-databaseapi 2/Controllers/FaturaController.cs(448,38): warning CS8629: Boş değer atanabilir değer türü null olabilir. [/Users/akinaslanoglu/Downloads/kcetas_proje-databaseapi 2/KcetasAboneApi.csproj]
/Users/akinaslanoglu/Downloads/kcetas_proje-databaseapi 2/Controllers/FaturaController.cs(451,33): warning CS8601: Olası null başvuru ataması. [/Users/akinaslanoglu/Downloads/kcetas_proje-databaseapi 2/KcetasAboneApi.csproj]
/Users/akinaslanoglu/Downloads/kcetas_proje-databaseapi 2/Controllers/IsEmirleriController.cs(399,36): warning CS8629: Boş değer atanabilir değer türü null olabilir. [/Users/akinaslanoglu/Downloads/kcetas_proje-databaseapi 2/KcetasAboneApi.csproj]
/Users/akinaslanoglu/Downloads/kcetas_proje-databaseapi 2/Controllers/IsEmirleriController.cs(18,47): warning CS0649: 'IsEmirleriController._hubContext' alanı hiçbir zaman atanmaz ve her zaman varsayılan null değerine sahip olur [/Users/akinaslanoglu/Downloads/kcetas_proje-databaseapi 2/KcetasAboneApi.csproj]
/Users/akinaslanoglu/Downloads/kcetas_proje-databaseapi 2/Helpers/FakerHelper.cs(151,29): error CS0119: 'FakerHelper.Faz()' verilen bağlamda geçerli olmayan bir yöntem öğesidir [/Users/akinaslanoglu/Downloads/kcetas_proje-databaseapi 2/KcetasAboneApi.csproj]
/Users/akinaslanoglu/Downloads/kcetas_proje-databaseapi 2/Helpers/FakerHelper.cs(151,42): error CS0119: 'FakerHelper.Faz()' verilen bağlamda geçerli olmayan bir yöntem öğesidir [/Users/akinaslanoglu/Downloads/kcetas_proje-databaseapi 2/KcetasAboneApi.csproj]
/Users/akinaslanoglu/Downloads/kcetas_proje-databaseapi 2/Controllers/AuthController.cs(41,17): error CS0019: '!=' işleci 'KullaniciDurumu' ve 'string' türündeki işlenenlere uygulanamaz [/Users/akinaslanoglu/Downloads/kcetas_proje-databaseapi 2/KcetasAboneApi.csproj]
/Users/akinaslanoglu/Downloads/kcetas_proje-databaseapi 2/Models/FaturaKalemiCreateDto.cs(6,48): error CS0037: Null yapılamayan bir değer türü olduğundan, null değeri 'KalemTipi' türüne dönüştürülemiyor [/Users/akinaslanoglu/Downloads/kcetas_proje-databaseapi 2/KcetasAboneApi.csproj]
/Users/akinaslanoglu/Downloads/kcetas_proje-databaseapi 2/Services/TuketimNoktasıSeeder.cs(65,34): error CS0029: 'string' türü örtülü olarak 'KcetasAboneApi.Models.BaglantiDurumu' türüne dönüştürülemez [/Users/akinaslanoglu/Downloads/kcetas_proje-databaseapi 2/KcetasAboneApi.csproj]
/Users/akinaslanoglu/Downloads/kcetas_proje-databaseapi 2/Controllers/TuketimNoktasıController.cs(123,51): error CS1503: 1 bağımsız değişkeni: 'KcetasAboneApi.Models.BaglantiDurumu' öğesinden 'string?' öğesine dönüştürülemiyor [/Users/akinaslanoglu/Downloads/kcetas_proje-databaseapi 2/KcetasAboneApi.csproj]
/Users/akinaslanoglu/Downloads/kcetas_proje-databaseapi 2/Services/SozlesmeSeeder.cs(82,32): error CS0029: 'KcetasAboneApi.Models.AboneTipi' türü örtülü olarak 'string' türüne dönüştürülemez [/Users/akinaslanoglu/Downloads/kcetas_proje-databaseapi 2/KcetasAboneApi.csproj]
/Users/akinaslanoglu/Downloads/kcetas_proje-databaseapi 2/Controllers/EntegrasyonOutboxController.cs(77,25): error CS0266: 'KcetasAboneApi.Models.IsEmriDurumu' türü örtülü olarak 'KcetasAboneApi.Models.OutboxDurumu' türüne dönüştürülemez. Açık bir dönüştürme var (eksik atamanız mı var?) [/Users/akinaslanoglu/Downloads/kcetas_proje-databaseapi 2/KcetasAboneApi.csproj]
/Users/akinaslanoglu/Downloads/kcetas_proje-databaseapi 2/Models/AppDbContext.cs(56,42): error CS0029: 'string' türü örtülü olarak 'KcetasAboneApi.Models.IslemTipi' türüne dönüştürülemez [/Users/akinaslanoglu/Downloads/kcetas_proje-databaseapi 2/KcetasAboneApi.csproj]
/Users/akinaslanoglu/Downloads/kcetas_proje-databaseapi 2/Models/AppDbContext.cs(57,45): error CS0029: 'string' türü örtülü olarak 'KcetasAboneApi.Models.IslemTipi' türüne dönüştürülemez [/Users/akinaslanoglu/Downloads/kcetas_proje-databaseapi 2/KcetasAboneApi.csproj]
/Users/akinaslanoglu/Downloads/kcetas_proje-databaseapi 2/Models/AppDbContext.cs(58,44): error CS0029: 'string' türü örtülü olarak 'KcetasAboneApi.Models.IslemTipi' türüne dönüştürülemez [/Users/akinaslanoglu/Downloads/kcetas_proje-databaseapi 2/KcetasAboneApi.csproj]
/Users/akinaslanoglu/Downloads/kcetas_proje-databaseapi 2/Models/AppDbContext.cs(59,26): error CS0029: 'string' türü örtülü olarak 'KcetasAboneApi.Models.IslemTipi' türüne dönüştürülemez [/Users/akinaslanoglu/Downloads/kcetas_proje-databaseapi 2/KcetasAboneApi.csproj]
/Users/akinaslanoglu/Downloads/kcetas_proje-databaseapi 2/Controllers/EndeksOkumaController.cs(90,25): error CS0266: 'KcetasAboneApi.Models.OkumaTipi?' türü örtülü olarak 'KcetasAboneApi.Models.OkumaTipi' türüne dönüştürülemez. Açık bir dönüştürme var (eksik atamanız mı var?) [/Users/akinaslanoglu/Downloads/kcetas_proje-databaseapi 2/KcetasAboneApi.csproj]
/Users/akinaslanoglu/Downloads/kcetas_proje-databaseapi 2/Controllers/EndeksOkumaController.cs(91,28): error CS0266: 'KcetasAboneApi.Models.OkumaKaynagi?' türü örtülü olarak 'KcetasAboneApi.Models.OkumaKaynagi' türüne dönüştürülemez. Açık bir dönüştürme var (eksik atamanız mı var?) [/Users/akinaslanoglu/Downloads/kcetas_proje-databaseapi 2/KcetasAboneApi.csproj]
/Users/akinaslanoglu/Downloads/kcetas_proje-databaseapi 2/Controllers/EndeksOkumaController.cs(115,53): error CS1503: 1 bağımsız değişkeni: 'KcetasAboneApi.Models.OkumaTipi' öğesinden 'System.ReadOnlySpan<char>' öğesine dönüştürülemiyor [/Users/akinaslanoglu/Downloads/kcetas_proje-databaseapi 2/KcetasAboneApi.csproj]
/Users/akinaslanoglu/Downloads/kcetas_proje-databaseapi 2/Controllers/EndeksOkumaController.cs(127,21): error CS0029: 'KcetasAboneApi.Models.BaglantiDurumu' türü örtülü olarak 'string' türüne dönüştürülemez [/Users/akinaslanoglu/Downloads/kcetas_proje-databaseapi 2/KcetasAboneApi.csproj]
/Users/akinaslanoglu/Downloads/kcetas_proje-databaseapi 2/Services/FaturaSeeder.cs(162,37): error CS0029: 'string' türü örtülü olarak 'KcetasAboneApi.Models.KalemTipi' türüne dönüştürülemez [/Users/akinaslanoglu/Downloads/kcetas_proje-databaseapi 2/KcetasAboneApi.csproj]
/Users/akinaslanoglu/Downloads/kcetas_proje-databaseapi 2/Services/FaturaSeeder.cs(235,33): error CS0029: 'string' türü örtülü olarak 'KcetasAboneApi.Models.KalemTipi' türüne dönüştürülemez [/Users/akinaslanoglu/Downloads/kcetas_proje-databaseapi 2/KcetasAboneApi.csproj]
/Users/akinaslanoglu/Downloads/kcetas_proje-databaseapi 2/Services/IsEmriSeeder.cs(164,25): error CS0019: '==' işleci 'IsEmriTipi' ve 'string' türündeki işlenenlere uygulanamaz [/Users/akinaslanoglu/Downloads/kcetas_proje-databaseapi 2/KcetasAboneApi.csproj]
/Users/akinaslanoglu/Downloads/kcetas_proje-databaseapi 2/Services/IsEmriSeeder.cs(236,22): error CS0029: 'string' türü örtülü olarak 'KcetasAboneApi.Models.IsEmriTipi' türüne dönüştürülemez [/Users/akinaslanoglu/Downloads/kcetas_proje-databaseapi 2/KcetasAboneApi.csproj]
/Users/akinaslanoglu/Downloads/kcetas_proje-databaseapi 2/Services/IsEmriSeeder.cs(267,22): error CS0029: 'string' türü örtülü olarak 'KcetasAboneApi.Models.IsEmriTipi' türüne dönüştürülemez [/Users/akinaslanoglu/Downloads/kcetas_proje-databaseapi 2/KcetasAboneApi.csproj]
/Users/akinaslanoglu/Downloads/kcetas_proje-databaseapi 2/Services/IsEmriSeeder.cs(363,22): error CS0029: 'string' türü örtülü olarak 'KcetasAboneApi.Models.IsEmriTipi' türüne dönüştürülemez [/Users/akinaslanoglu/Downloads/kcetas_proje-databaseapi 2/KcetasAboneApi.csproj]
/Users/akinaslanoglu/Downloads/kcetas_proje-databaseapi 2/Controllers/FaturaController.cs(251,55): error CS1503: 1 bağımsız değişkeni: 'KcetasAboneApi.Models.FaturaTipi' öğesinden 'string?' öğesine dönüştürülemiyor [/Users/akinaslanoglu/Downloads/kcetas_proje-databaseapi 2/KcetasAboneApi.csproj]
/Users/akinaslanoglu/Downloads/kcetas_proje-databaseapi 2/Controllers/FaturaController.cs(339,60): error CS1503: 1 bağımsız değişkeni: 'KcetasAboneApi.Models.FaturaDurumu' öğesinden 'System.ReadOnlySpan<char>' öğesine dönüştürülemiyor [/Users/akinaslanoglu/Downloads/kcetas_proje-databaseapi 2/KcetasAboneApi.csproj]
/Users/akinaslanoglu/Downloads/kcetas_proje-databaseapi 2/Controllers/FaturaController.cs(353,31): error CS0029: 'KcetasAboneApi.Models.IsEmriDurumu' türü örtülü olarak 'string' türüne dönüştürülemez [/Users/akinaslanoglu/Downloads/kcetas_proje-databaseapi 2/KcetasAboneApi.csproj]
/Users/akinaslanoglu/Downloads/kcetas_proje-databaseapi 2/Controllers/FaturaController.cs(397,29): error CS0029: 'KcetasAboneApi.Models.BaglantiDurumu' türü örtülü olarak 'string' türüne dönüştürülemez [/Users/akinaslanoglu/Downloads/kcetas_proje-databaseapi 2/KcetasAboneApi.csproj]
/Users/akinaslanoglu/Downloads/kcetas_proje-databaseapi 2/Controllers/SayaclarController.cs(132,56): error CS1503: 1 bağımsız değişkeni: 'KcetasAboneApi.Models.SayacDurumu' öğesinden 'System.ReadOnlySpan<char>' öğesine dönüştürülemiyor [/Users/akinaslanoglu/Downloads/kcetas_proje-databaseapi 2/KcetasAboneApi.csproj]
/Users/akinaslanoglu/Downloads/kcetas_proje-databaseapi 2/Controllers/SozlesmelerController.cs(148,56): error CS1503: 1 bağımsız değişkeni: 'KcetasAboneApi.Models.SozlesmeDurumu' öğesinden 'System.ReadOnlySpan<char>' öğesine dönüştürülemiyor [/Users/akinaslanoglu/Downloads/kcetas_proje-databaseapi 2/KcetasAboneApi.csproj]
/Users/akinaslanoglu/Downloads/kcetas_proje-databaseapi 2/Controllers/FaturaController.cs(475,60): error CS0029: 'string' türü örtülü olarak 'KcetasAboneApi.Models.KalemTipi' türüne dönüştürülemez [/Users/akinaslanoglu/Downloads/kcetas_proje-databaseapi 2/KcetasAboneApi.csproj]
/Users/akinaslanoglu/Downloads/kcetas_proje-databaseapi 2/Controllers/IsEmirleriController.cs(394,33): error CS0029: 'KcetasAboneApi.Models.IsEmriTipi' türü örtülü olarak 'string' türüne dönüştürülemez [/Users/akinaslanoglu/Downloads/kcetas_proje-databaseapi 2/KcetasAboneApi.csproj]
/Users/akinaslanoglu/Downloads/kcetas_proje-databaseapi 2/Controllers/IsEmirleriController.cs(401,23): error CS0029: 'string' türü örtülü olarak 'KcetasAboneApi.Models.IsEmriTipi' türüne dönüştürülemez [/Users/akinaslanoglu/Downloads/kcetas_proje-databaseapi 2/KcetasAboneApi.csproj]
/Users/akinaslanoglu/Downloads/kcetas_proje-databaseapi 2/Controllers/IsEmirleriController.cs(403,28): error CS0019: '==' işleci 'string' ve 'IsEmriTipi' türündeki işlenenlere uygulanamaz [/Users/akinaslanoglu/Downloads/kcetas_proje-databaseapi 2/KcetasAboneApi.csproj]
/Users/akinaslanoglu/Downloads/kcetas_proje-databaseapi 2/Controllers/IsEmirleriController.cs(403,68): error CS0019: '==' işleci 'string' ve 'IsEmriTipi' türündeki işlenenlere uygulanamaz [/Users/akinaslanoglu/Downloads/kcetas_proje-databaseapi 2/KcetasAboneApi.csproj]
/Users/akinaslanoglu/Downloads/kcetas_proje-databaseapi 2/Controllers/KullanicilarController.cs(91,33): error CS0266: 'KcetasAboneApi.Models.BaglantiDurumu' türü örtülü olarak 'KcetasAboneApi.Models.KullaniciDurumu' türüne dönüştürülemez. Açık bir dönüştürme var (eksik atamanız mı var?) [/Users/akinaslanoglu/Downloads/kcetas_proje-databaseapi 2/KcetasAboneApi.csproj]
/Users/akinaslanoglu/Downloads/kcetas_proje-databaseapi 2/Controllers/IsEmirleriController.cs(560,29): error CS0029: 'string' türü örtülü olarak 'KcetasAboneApi.Models.OkumaTipi' türüne dönüştürülemez [/Users/akinaslanoglu/Downloads/kcetas_proje-databaseapi 2/KcetasAboneApi.csproj]
/Users/akinaslanoglu/Downloads/kcetas_proje-databaseapi 2/Controllers/IsEmirleriController.cs(561,32): error CS0029: 'string' türü örtülü olarak 'KcetasAboneApi.Models.OkumaKaynagi' türüne dönüştürülemez [/Users/akinaslanoglu/Downloads/kcetas_proje-databaseapi 2/KcetasAboneApi.csproj]
    26 Warning(s)
    36 Error(s)

Time Elapsed 00:00:00.80
